../Core/Src/main.c:136:5:main	8	static
../Core/Src/main.c:234:6:SystemClock_Config	88	static
../Core/Src/main.c:280:13:MX_ADC1_Init	24	static
../Core/Src/main.c:332:13:MX_CRC_Init	8	static
../Core/Src/main.c:358:13:MX_DMA2D_Init	8	static
../Core/Src/main.c:395:13:MX_I2C3_Init	8	static
../Core/Src/main.c:443:13:MX_LTDC_Init	64	static
../Core/Src/main.c:505:13:MX_SPI5_Init	8	static
../Core/Src/main.c:543:13:MX_TIM1_Init	32	static
../Core/Src/main.c:589:13:MX_USART1_UART_Init	8	static
../Core/Src/main.c:618:13:MX_FMC_Init	40	static
../Core/Src/main.c:669:13:MX_GPIO_Init	64	static
../Core/Src/main.c:770:6:double2float	40	static
../Core/Src/main.c:778:6:funcionBoton1	136	static
../Core/Src/main.c:794:6:funcionBoton2	136	static
../Core/Src/main.c:812:6:funcionBoton3	136	static
../Core/Src/main.c:828:6:funcionBoton4	136	static
../Core/Src/main.c:845:6:funcionBoton5	136	static
../Core/Src/main.c:860:6:funcionBoton6	136	static
../Core/Src/main.c:876:6:funcionBoton7	136	static
../Core/Src/main.c:892:6:funcionBoton8	136	static
../Core/Src/main.c:922:6:StartDefaultTask	152	static
../Core/Src/main.c:1007:6:fTareaPantalla	16	static
../Core/Src/main.c:1020:6:temporizadorTick	96	static
../Core/Src/main.c:1105:6:HAL_TIM_PeriodElapsedCallback	16	static
../Core/Src/main.c:1122:6:Error_Handler	4	static,ignoring_inline_asm
