../Core/Src/pantalla.c:8:10:pantallaPulsada	24	static
../Core/Src/pantalla.c:17:6:setvisiblebBoton	48	static
../Core/Src/pantalla.c:50:6:setHabilitacionBoton	48	static
../Core/Src/pantalla.c:81:6:atiendeBoton	24	static
../Core/Src/pantalla.c:88:6:inicializaBoton	48	static
../Core/Src/pantalla.c:116:6:inicializaPantalla2Buffers	48	static
../Core/Src/pantalla.c:153:6:intercambiaBuffersLCD	16	static
../Core/Src/pantalla.c:168:10:rgb2gray	32	static
../Core/Src/pantalla.c:182:6:dibujaRectangulo	32	static
../Core/Src/pantalla.c:202:6:dibujaRectangulo2	56	static
../Core/Src/pantalla.c:222:6:inicializaJuegoCaracteres	16	static
../Core/Src/pantalla.c:240:6:inicializaJuegoCaracteresAlpha	16	static
../Core/Src/pantalla.c:252:6:dibujaCaracterAlpha	64	static
../Core/Src/pantalla.c:261:6:dibujaCaracter	64	static
../Core/Src/pantalla.c:290:6:dibujaCadenaCaracteres	48	static
../Core/Src/pantalla.c:313:6:dibujaCadenaCaracteresAlpha	48	static
../Core/Src/pantalla.c:332:10:mezclaColores	32	static
../Core/Src/pantalla.c:353:6:dibujaPunto	48	static
../Core/Src/pantalla.c:383:6:dibujaLinea	64	static
../Core/Src/pantalla.c:402:6:dibujaPuntosCirculo	40	static
../Core/Src/pantalla.c:416:6:dibujaCirculo	64	static
../Core/Src/pantalla.c:433:6:dibujaImagen	48	static
