../Core/Src/stm32f429i_discovery_lcd.c:112:9:BSP_LCD_Init	8	static
../Core/Src/stm32f429i_discovery_lcd.c:192:10:BSP_LCD_GetXSize	8	static
../Core/Src/stm32f429i_discovery_lcd.c:201:10:BSP_LCD_GetYSize	8	static
../Core/Src/stm32f429i_discovery_lcd.c:211:6:BSP_LCD_LayerDefaultInit	72	static
../Core/Src/stm32f429i_discovery_lcd.c:246:6:BSP_LCD_SelectLayer	16	static
../Core/Src/stm32f429i_discovery_lcd.c:257:6:BSP_LCD_SetLayerVisible	16	static
../Core/Src/stm32f429i_discovery_lcd.c:279:6:BSP_LCD_SetLayerVisible_NoReload	16	static
../Core/Src/stm32f429i_discovery_lcd.c:298:6:BSP_LCD_SetTransparency	16	static
../Core/Src/stm32f429i_discovery_lcd.c:310:6:BSP_LCD_SetTransparency_NoReload	16	static
../Core/Src/stm32f429i_discovery_lcd.c:320:6:BSP_LCD_SetLayerAddress	16	static
../Core/Src/stm32f429i_discovery_lcd.c:331:6:BSP_LCD_SetLayerAddress_NoReload	16	static
../Core/Src/stm32f429i_discovery_lcd.c:344:6:BSP_LCD_SetLayerWindow	24	static
../Core/Src/stm32f429i_discovery_lcd.c:362:6:BSP_LCD_SetLayerWindow_NoReload	24	static
../Core/Src/stm32f429i_discovery_lcd.c:376:6:BSP_LCD_SetColorKeying	16	static
../Core/Src/stm32f429i_discovery_lcd.c:389:6:BSP_LCD_SetColorKeying_NoReload	16	static
../Core/Src/stm32f429i_discovery_lcd.c:400:6:BSP_LCD_ResetColorKeying	16	static
../Core/Src/stm32f429i_discovery_lcd.c:411:6:BSP_LCD_ResetColorKeying_NoReload	16	static
../Core/Src/stm32f429i_discovery_lcd.c:424:6:BSP_LCD_Relaod	16	static
../Core/Src/stm32f429i_discovery_lcd.c:434:10:BSP_LCD_GetBackColor	4	static
../Core/Src/stm32f429i_discovery_lcd.c:444:6:BSP_LCD_Clear	40	static
../Core/Src/stm32f429i_discovery_lcd.c:458:13:BSP_LCD_MspInit	64	static
../Core/Src/stm32f429i_discovery_lcd.c:545:13:FillBuffer	32	static
